<html>
<body>
<pre>
<h1>µVision Build Log</h1>
<h2>Tool Versions:</h2>
IDE-Version: ¦ÌVision V5.18.0.0
Copyright (C) 2016 ARM Ltd and ARM Germany GmbH. All rights reserved.
License Information: z Administrator, z, LIC=Z3C6R-KUMZC-MS9YP-MVS21-J1CVT-RVP3R
 
Tool Versions:
Toolchain:       MDK-ARM Professional  Version: 5.18
Toolchain Path:  D:\Keil_v5\ARM\ARMCC\Bin
C Compiler:      Armcc.exe V5.06 update 1 (build 61)
Assembler:       Armasm.exe V5.06 update 1 (build 61)
Linker/Locator:  ArmLink.exe V5.06 update 1 (build 61)
Library Manager: ArmAr.exe V5.06 update 1 (build 61)
Hex Converter:   FromElf.exe V5.06 update 1 (build 61)
CPU DLL:         SARMCM3.DLL V5.18
Dialog DLL:      DCM.DLL V1.13.6.0
Target DLL:      STLink\ST-LINKIII-KEIL_SWO.dll V2.0.18.0
Dialog DLL:      TCM.DLL V1.14.8.0
 
<h2>Project:</h2>
E:\2\Qizhongji\Motor_1\USER\PWM.uvprojx
Project File Date:  04/21/2021

<h2>Output:</h2>
*** Using Compiler 'V5.06 update 1 (build 61)', folder: 'D:\Keil_v5\ARM\ARMCC\Bin'
Build target 'PWM'
compiling stm32f4xx_it.c...
..\CORE\core_cm4_simd.h(127): warning:  #47-D: incompatible redefinition of macro "__SMMLA" (declared at line 727 of "D:\Keil_v5\ARM\Pack\ARM\CMSIS\4.5.0\CMSIS\Include\cmsis_armcc.h")
  #define __SMMLA(ARG1,ARG2,ARG3)          ( (int32_t)((((int64_t)(ARG1) * (ARG2)) + \
stm32f4xx_it.c: 1 warning, 0 errors
compiling main.c...
..\CORE\core_cm4_simd.h(127): warning:  #47-D: incompatible redefinition of macro "__SMMLA" (declared at line 727 of "D:\Keil_v5\ARM\Pack\ARM\CMSIS\4.5.0\CMSIS\Include\cmsis_armcc.h")
  #define __SMMLA(ARG1,ARG2,ARG3)          ( (int32_t)((((int64_t)(ARG1) * (ARG2)) + \
main.c: 1 warning, 0 errors
compiling system_stm32f4xx.c...
..\CORE\core_cm4_simd.h(127): warning:  #47-D: incompatible redefinition of macro "__SMMLA" (declared at line 727 of "D:\Keil_v5\ARM\Pack\ARM\CMSIS\4.5.0\CMSIS\Include\cmsis_armcc.h")
  #define __SMMLA(ARG1,ARG2,ARG3)          ( (int32_t)((((int64_t)(ARG1) * (ARG2)) + \
system_stm32f4xx.c: 1 warning, 0 errors
compiling led.c...
..\CORE\core_cm4_simd.h(127): warning:  #47-D: incompatible redefinition of macro "__SMMLA" (declared at line 727 of "D:\Keil_v5\ARM\Pack\ARM\CMSIS\4.5.0\CMSIS\Include\cmsis_armcc.h")
  #define __SMMLA(ARG1,ARG2,ARG3)          ( (int32_t)((((int64_t)(ARG1) * (ARG2)) + \
..\HARDWARE\LED\led.c: 1 warning, 0 errors
compiling delay.c...
..\CORE\core_cm4_simd.h(127): warning:  #47-D: incompatible redefinition of macro "__SMMLA" (declared at line 727 of "D:\Keil_v5\ARM\Pack\ARM\CMSIS\4.5.0\CMSIS\Include\cmsis_armcc.h")
  #define __SMMLA(ARG1,ARG2,ARG3)          ( (int32_t)((((int64_t)(ARG1) * (ARG2)) + \
..\SYSTEM\delay\delay.c: 1 warning, 0 errors
compiling pwm.c...
..\CORE\core_cm4_simd.h(127): warning:  #47-D: incompatible redefinition of macro "__SMMLA" (declared at line 727 of "D:\Keil_v5\ARM\Pack\ARM\CMSIS\4.5.0\CMSIS\Include\cmsis_armcc.h")
  #define __SMMLA(ARG1,ARG2,ARG3)          ( (int32_t)((((int64_t)(ARG1) * (ARG2)) + \
..\HARDWARE\PWM\pwm.c: 1 warning, 0 errors
assembling startup_stm32f40_41xxx.s...
compiling sys.c...
..\CORE\core_cm4_simd.h(127): warning:  #47-D: incompatible redefinition of macro "__SMMLA" (declared at line 727 of "D:\Keil_v5\ARM\Pack\ARM\CMSIS\4.5.0\CMSIS\Include\cmsis_armcc.h")
  #define __SMMLA(ARG1,ARG2,ARG3)          ( (int32_t)((((int64_t)(ARG1) * (ARG2)) + \
..\SYSTEM\sys\sys.c: 1 warning, 0 errors
compiling usart.c...
..\CORE\core_cm4_simd.h(127): warning:  #47-D: incompatible redefinition of macro "__SMMLA" (declared at line 727 of "D:\Keil_v5\ARM\Pack\ARM\CMSIS\4.5.0\CMSIS\Include\cmsis_armcc.h")
  #define __SMMLA(ARG1,ARG2,ARG3)          ( (int32_t)((((int64_t)(ARG1) * (ARG2)) + \
..\SYSTEM\usart\usart.c: 1 warning, 0 errors
compiling misc.c...
..\CORE\core_cm4_simd.h(127): warning:  #47-D: incompatible redefinition of macro "__SMMLA" (declared at line 727 of "D:\Keil_v5\ARM\Pack\ARM\CMSIS\4.5.0\CMSIS\Include\cmsis_armcc.h")
  #define __SMMLA(ARG1,ARG2,ARG3)          ( (int32_t)((((int64_t)(ARG1) * (ARG2)) + \
..\FWLIB\src\misc.c: 1 warning, 0 errors
compiling stm32f4xx_gpio.c...
..\CORE\core_cm4_simd.h(127): warning:  #47-D: incompatible redefinition of macro "__SMMLA" (declared at line 727 of "D:\Keil_v5\ARM\Pack\ARM\CMSIS\4.5.0\CMSIS\Include\cmsis_armcc.h")
  #define __SMMLA(ARG1,ARG2,ARG3)          ( (int32_t)((((int64_t)(ARG1) * (ARG2)) + \
..\FWLIB\src\stm32f4xx_gpio.c: 1 warning, 0 errors
compiling stm32f4xx_usart.c...
..\CORE\core_cm4_simd.h(127): warning:  #47-D: incompatible redefinition of macro "__SMMLA" (declared at line 727 of "D:\Keil_v5\ARM\Pack\ARM\CMSIS\4.5.0\CMSIS\Include\cmsis_armcc.h")
  #define __SMMLA(ARG1,ARG2,ARG3)          ( (int32_t)((((int64_t)(ARG1) * (ARG2)) + \
..\FWLIB\src\stm32f4xx_usart.c: 1 warning, 0 errors
compiling stm32f4xx_tim.c...
..\CORE\core_cm4_simd.h(127): warning:  #47-D: incompatible redefinition of macro "__SMMLA" (declared at line 727 of "D:\Keil_v5\ARM\Pack\ARM\CMSIS\4.5.0\CMSIS\Include\cmsis_armcc.h")
  #define __SMMLA(ARG1,ARG2,ARG3)          ( (int32_t)((((int64_t)(ARG1) * (ARG2)) + \
..\FWLIB\src\stm32f4xx_tim.c: 1 warning, 0 errors
compiling stm32f4xx_syscfg.c...
..\CORE\core_cm4_simd.h(127): warning:  #47-D: incompatible redefinition of macro "__SMMLA" (declared at line 727 of "D:\Keil_v5\ARM\Pack\ARM\CMSIS\4.5.0\CMSIS\Include\cmsis_armcc.h")
  #define __SMMLA(ARG1,ARG2,ARG3)          ( (int32_t)((((int64_t)(ARG1) * (ARG2)) + \
..\FWLIB\src\stm32f4xx_syscfg.c: 1 warning, 0 errors
compiling stm32f4xx_rcc.c...
..\CORE\core_cm4_simd.h(127): warning:  #47-D: incompatible redefinition of macro "__SMMLA" (declared at line 727 of "D:\Keil_v5\ARM\Pack\ARM\CMSIS\4.5.0\CMSIS\Include\cmsis_armcc.h")
  #define __SMMLA(ARG1,ARG2,ARG3)          ( (int32_t)((((int64_t)(ARG1) * (ARG2)) + \
..\FWLIB\src\stm32f4xx_rcc.c: 1 warning, 0 errors
linking...
Program Size: Code=8600 RO-data=424 RW-data=48 ZI-data=1832  
FromELF: creating hex file...
"..\OBJ\PWM.axf" - 0 Error(s), 14 Warning(s).

<h2>Collection of Component include folders:</h2>
  E:\2\Qizhongji\Motor_1\USER\RTE
  D:\Keil_v5\ARM\PACK\Keil\STM32F4xx_DFP\2.13.0\Drivers\CMSIS\Device\ST\STM32F4xx\Include

<h2>Collection of Component Files used:</h2>
Build Time Elapsed:  00:00:15
</pre>
</body>
</html>
